// Jest Snapshot v1, https://goo.gl/fbAQLP

exports[`AppComponent should match snapshot 1`] = `
<div
  id="root0"
  ng-version="7.2.9"
>
  <clr-main-container>
    <app-header />
    <div
      class="content-container"
    >
      <div
        class="content-area"
      >
        <router-outlet />
      </div>
    </div>
  </clr-main-container>
</div>
`;
